// Jest Snapshot v1, https://goo.gl/fbAQLP

exports[`Prueba en el componente GifGridItem debe de mostrar el componente correctamente 1`] = `
<div
  className="card animate__animated animate__fadeIn"
>
  <img
    alt="Game of Thrones"
    src="https://localhost"
  />
  <p>
    Game of Thrones
  </p>
</div>
`;
